// Jest Snapshot v1, https://goo.gl/fbAQLP

exports[`withAudio is rendered correctly 1`] = `
<div>
  <video
    className=""
    controls={false}
    loop={true}
    playsInline={true}
    poster="https://some-link"
    preload="auto"
    style={
      Object {
        "height": "100%",
        "objectFit": "cover",
        "width": "100%",
      }
    }
  >
    <source
      src="https://some-link"
      type="video/mp4"
    />
  </video>
</div>
`;
