// Jest Snapshot v1, https://goo.gl/fbAQLP

exports[`OverviewTab component Render OverviewTab 1`] = `
Array [
  <div
    className="movie-rating"
  >
    <div
      className="movie-rating__score"
    >
      3.0
    </div>
    <p
      className="movie-rating__meta"
    >
      <span
        className="movie-rating__level"
      >
        Bad
      </span>
      <span
        className="movie-rating__count"
      >
        100 ratings
      </span>
    </p>
  </div>,
  <div
    className="movie-card__text"
  >
    <p>
      Description
    </p>
    <p
      className="movie-card__director"
    >
      <strong>
        Director: Guy Ritchie
      </strong>
    </p>
    <p
      className="movie-card__starring"
    >
      <strong>
        Starring: Jason Statham, Brad Pitt, Benicio Del Toro
      </strong>
    </p>
  </div>,
]
`;
