// Jest Snapshot v1, https://goo.gl/fbAQLP

exports[`AddReviewBtn component Render AddReviewBtn 1`] = `
<a
  className="btn movie-card__button"
  href="/films/1/review"
  onClick={[Function]}
>
  Add review
</a>
`;
