// Jest Snapshot v1, https://goo.gl/fbAQLP

exports[`VideoPlayer component Render VideoPlayer 1`] = `<video />`;
