// Jest Snapshot v1, https://goo.gl/fbAQLP

exports[`VideoPlayer component Render VideoPlayer 1`] = `
<video
  controls={false}
  loop={true}
  muted={true}
  playsInline={true}
  poster="http://placeimg.com/280/175/any/1"
  preload="auto"
  style={
    Object {
      "height": "100%",
      "objectFit": "cover",
      "width": "100%",
    }
  }
>
  <source
    src="https://upload.wikimedia.org/wikipedia/commons/transcoded/b/b3/Big_Buck_Bunny_Trailer_400p.ogv/Big_Buck_Bunny_Trailer_400p.ogv.360p.webm"
    type="video/mp4"
  />
</video>
`;
