// Jest Snapshot v1, https://goo.gl/fbAQLP

exports[`ShowError component Render ShowError 1`] = `
<div
  className="user-page"
>
  <header
    className="page-header user-page__head"
  >
    <div
      className="logo"
    >
      <a
        className="logo__link"
      >
        <span
          className="logo__letter logo__letter--1"
        >
          W
        </span>
        <span
          className="logo__letter logo__letter--2"
        >
          T
        </span>
        <span
          className="logo__letter logo__letter--3"
        >
          W
        </span>
      </a>
    </div>
  </header>
  <div
    className="sign-in user-page__content"
    style={
      Object {
        "display": "flex",
        "flexDirection": "column",
        "justifyContent": "center",
      }
    }
  >
    <div
      className="sign-in__message"
    >
      <p>
        Something went wrong, please try again...
      </p>
    </div>
    <div
      className="sign-in__message"
    >
      <p>
        404: Page not found...
      </p>
    </div>
    <div
      className="sign-in__message"
      style={
        Object {
          "display": "flex",
          "justifyContent": "center",
        }
      }
    >
      <button
        className="btn"
        onClick={[Function]}
        style={
          Object {
            "fontSize": "24px",
            "lineHeight": "26px",
          }
        }
      >
        Click to reload!
      </button>
    </div>
  </div>
  <footer
    className="page-footer"
  >
    <div
      className="logo"
    >
      <a
        className="logo__link logo__link--light"
      >
        <span
          className="logo__letter logo__letter--1"
        >
          W
        </span>
        <span
          className="logo__letter logo__letter--2"
        >
          T
        </span>
        <span
          className="logo__letter logo__letter--3"
        >
          W
        </span>
      </a>
    </div>
    <div
      className="copyright"
    >
      <p>
        Â© 2020 What to watch Ltd.
      </p>
    </div>
  </footer>
</div>
`;
